I'm sorry, but errors were detected in your script. Please correct the
errors listed below, and try again.


File "game/Kitty_Animations.rpy", line 4: is not terminated with a newline. (Check strings and parenthesis.)
        LiveComposite(

Ren'Py Version: Ren'Py 6.99.13.2919
